--------------------------------------------------------------------------------
      name:  rpme
       log:  /Users/mollymking/Documents/SocResearch/Dissertation/redi/redi20_AC
> S_rpme.log
  log type:  text
 opened on:  29 Aug 2020, 00:57:47

. 
. //      project:        REDI Methodology Paper
. 
. //  task:       RPME method of describing ACS
. //  data:               ACS, available: https://usa.ipums.org/
. 
. //  github:             redi
. //  OSF:                https://osf.io/qmhe8/
. 
. //  author:     Molly King
. 
. display "$S_DATE  $S_TIME"
29 Aug 2020  00:57:47

. 
. ***--------------------------***
. // # PROGRAM SETUP
. ***--------------------------***
. 
. version 16 // keeps program consistent for future replications

. set linesize 180

. clear all

. set more off

. set seed 1

. 
. local conv_year "2017"

. 
. use $deriv/redi04_acs_descriptives-hinc_shp.dta, clear
(ACS data converted to continuous REDI-calculated values)

. 
. ***--------------------------***
. // # CLEAN UP DATA SET
. ***--------------------------***
. drop repwtp* perwt hhincome* acs_hinc_shp_2017 redi*

. 
. duplicates drop year acs_hinc_shp_n ///
>         acs_hinc_shp_`conv_year'lb acs_hinc_shp_`conv_year'ub, force

Duplicates in terms of year acs_hinc_shp_n acs_hinc_shp_2017lb acs_hinc_shp_2017ub

(6,047,869 observations deleted)

.         
. 
. ***--------------------------***
. // # ROBUST PARETO MIDPOINT ESTIMATOR
. ***--------------------------***
. 
. *implemented the midpoint method in the "rpme" command for Stata. (von Hippel et al 2017)
. *can constrain the midpoint method to match a known mean as well.
. 
. *one-time install:
. *ssc install rpme
. *ssc install egen_inequal
. *ssc install _gwtmean
. 
. *help rpme
. 
. //form of program looks like this:
. *rpme {acs_hinc_shp_n} {min} {max} [if] [in], [by(id) options]
. *cases (number of cases in the bin),   min (lower limit of bin), max (upper limit of bin)
. 
. // constrained so mean matches grand mean 
. *-  If the grand_mean() option is specified, then the mean of the top bin is calculated so that the mean of the bin midpoints and
.         *       top bin mean will equal the grand mean.
. di in red "mean constrained" 
mean constrained

. rpme   acs_hinc_shp_n      acs_hinc_shp_`conv_year'lb   acs_hinc_shp_`conv_year'ub,  ///
>         by(year) grand_mean(acs_hinc_shp_`conv_year'_mean)  saving($deriv/redi21_ACS_alt_rpme_grandmean-hinc_shp)
generated data will saved to ~/Documents/SocResearch/Dissertation/data/data_derv/redi21_ACS_alt_rpme_grandmean-hinc_shp
The grand mean has been used to calculate the top bin mean.
Pareto approximation for the top bin is not used.

     +------------------------------------------------------------------------------------------------------------------------------------------------------+
     | year       mean     median         sd        rmd        sdl       gini      mehran      piesch    kakwani      theil        mld   ent~y   half    cv |
     |------------------------------------------------------------------------------------------------------------------------------------------------------|
  1. | 2016   93825.27   51286.74   129294.4   .3733074   .9353006   .5049626   -.4323652    .3148022   .2256564   .4980933   .4514432     .58    .76   1.4 |
  2. | 2017   95442.48   49885.34   129113.9   .3782387   .9438102    .505912    .3106227   -.0569765   .2269205      .4962   .4551125     .59    .74   1.4 |
     +------------------------------------------------------------------------------------------------------------------------------------------------------+
file ~/Documents/SocResearch/Dissertation/data/data_derv/redi21_ACS_alt_rpme_grandmean-hinc_shp.dta saved
saving results to ~/Documents/SocResearch/Dissertation/data/data_derv/redi21_ACS_alt_rpme_grandmean-hinc_shp

. 
.         
. // no constraints on mean
. *-  If the grand_mean() option is not specified, then the mean of the top bin is calculated by fitting a Pareto curve to the top two
.  *   populated bins. Because the arithmetic mean of a Pareto distribution can be volatile or undefined, a c mean is used instead.
. di in red "Pareto curve"
Pareto curve

. rpme  acs_hinc_shp_n   acs_hinc_shp_`conv_year'lb       acs_hinc_shp_`conv_year'ub,  ///
>         by(year)  saving($deriv/redi21_ACS_alt_rpme-hinc_shp)
generated data will saved to ~/Documents/SocResearch/Dissertation/data/data_derv/redi21_ACS_alt_rpme-hinc_shp
min and max bin values will be used
alpha_min set to .1
pareto_stat set to harmonic

     +-----------------------------------------------------------------------------------------------------------------------------------------+
     | year   pareto~t   alp~n   alpha     mean   med~n       sd   rmd   sdl   gini   meh~n   pie~h   kak~i   theil   mld   ent~y   half    cv |
     |-----------------------------------------------------------------------------------------------------------------------------------------|
  1. | 2016   harmonic      .1       .   116798   63844   160952   .37   .94     .5     .32   -.021     .23      .5   .45     .58    .76   1.4 |
  2. | 2017   harmonic      .1       .   119577   62500   161763   .38   .94    .51    -.15    -.18     .23      .5   .46     .59    .74   1.4 |
     +-----------------------------------------------------------------------------------------------------------------------------------------+
file ~/Documents/SocResearch/Dissertation/data/data_derv/redi21_ACS_alt_rpme-hinc_shp.dta saved
saving results to ~/Documents/SocResearch/Dissertation/data/data_derv/redi21_ACS_alt_rpme-hinc_shp

. 
. ***--------------------------***
. 
. log close rpme
      name:  rpme
       log:  /Users/mollymking/Documents/SocResearch/Dissertation/redi/redi20_ACS_rpme.log
  log type:  text
 closed on:  29 Aug 2020, 00:58:32
------------------------------------------------------------------------------------------------------------------------------------------------------------------------------------
